// Jest Snapshot v1, https://goo.gl/fbAQLP

exports[`SquareForm Should renders appropriately 1`] = `
<div
  className="animated flipInX"
>
  <h4>
    Square
  </h4>
  <form
    onSubmit={[Function]}
  >
    <div
      className="form-group"
    >
      <label
        htmlFor="colourSquare"
      >
        Colour
      </label>
      <div
        className="input-group"
      >
        <div
          className="input-group-prepend"
          onClick={[Function]}
        >
          <div
            className="input-group-text"
          >
            <FontAwesomeIcon
              border={false}
              className=""
              fixedWidth={false}
              flip={null}
              icon="ellipsis-v"
              inverse={false}
              listItem={false}
              mask={null}
              pull={null}
              pulse={false}
              rotation={null}
              size={null}
              spin={false}
              symbol={false}
              title=""
              transform={null}
            />
          </div>
        </div>
        <input
          className="form-control"
          id="colourSquare"
          placeholder="Color"
          readOnly={true}
          style={
            Object {
              "backgroundColor": "#d9e3f0",
              "color": "rgba(0, 0, 0, 0)",
            }
          }
          value="#d9e3f0"
        />
      </div>
    </div>
    <div
      className="form-group"
    >
      <label
        htmlFor="sizeSquare"
      >
        Size
      </label>
      <select
        className="form-control"
        id="sizeSquare"
        onChange={[Function]}
      >
        <option
          key="size-1"
          value={5}
        >
          Small
        </option>
        <option
          key="size-2"
          value={8}
        >
          Medium
        </option>
        <option
          key="size-3"
          value={10}
        >
          Big
        </option>
      </select>
    </div>
    <div
      className="form-group"
    >
      <label
        htmlFor="borderSquare"
      >
        Border
      </label>
      <input
        className="form-control-range"
        id="borderSquare"
        max="40"
        min="0"
        onChange={[Function]}
        type="range"
        value={0}
      />
    </div>
    <h5>
      Preview
    </h5>
    <div
      className="row justify-content-md-center"
    >
      <div
        className="square-preview-message col-lg-12 col-md-12 col-sm-12 col-12"
      >
        <Connect(withRouter(Message)) />
      </div>
    </div>
    <div
      className="row justify-content-md-center"
    >
      <PreviewSquare
        border={0}
        color="#d9e3f0"
        size={5}
      />
    </div>
    <div
      className="dropdown-divider space"
    />
    <div
      className="row"
    >
      <div
        className="col"
      >
        <button
          className="btn btn-primary animated rubberBand"
          onClick={[Function]}
          type="button"
        >
          <FontAwesomeIcon
            border={false}
            className=""
            fixedWidth={false}
            flip={null}
            icon="trash-alt"
            inverse={false}
            listItem={false}
            mask={null}
            pull={null}
            pulse={false}
            rotation={null}
            size={null}
            spin={false}
            symbol={false}
            title=""
            transform={null}
          />
        </button>
      </div>
      <div
        className="col"
      >
        <button
          className="btn btn-primary animated rubberBand"
          type="submit"
        >
          <FontAwesomeIcon
            border={false}
            className=""
            fixedWidth={false}
            flip={null}
            icon="save"
            inverse={false}
            listItem={false}
            mask={null}
            pull={null}
            pulse={false}
            rotation={null}
            size={null}
            spin={false}
            symbol={false}
            title=""
            transform={null}
          />
        </button>
      </div>
      <div
        className="col"
      >
        <button
          className="btn btn-primary animated rubberBand"
          onClick={[Function]}
        >
          <FontAwesomeIcon
            border={false}
            className=""
            fixedWidth={false}
            flip={null}
            icon="images"
            inverse={false}
            listItem={false}
            mask={null}
            pull={null}
            pulse={false}
            rotation={null}
            size={null}
            spin={false}
            symbol={false}
            title=""
            transform={null}
          />
        </button>
      </div>
    </div>
  </form>
</div>
`;
